# serializer version: 1
# name: test_diagnostics
  dict({
    'config_entry_data': dict({
      'id': '12',
    }),
    'coordinator_data': dict({
      'Felmeddelande': None,
      'ID': 12,
      'Name': 'Forsmark',
      'Samples': dict({
        'Byvind': dict({
          'Calm': 0,
          'Heading': 90,
          'Msg': '',
          'Name': 'Byvind',
          'Quality': 'Ok',
          'StationID': 12,
          'Trend': '',
          'Type': 'wind',
          'Unit': 'm/s',
          'Updated': '2024-03-11 17:32:24',
          'Value': 'O 5.2',
          'WaterLevelOffset': None,
          'WaterLevelReference': None,
        }),
        'Medelvind': dict({
          'Calm': 0,
          'Heading': 90,
          'Msg': '',
          'Name': 'Medelvind',
          'Quality': 'Ok',
          'StationID': 12,
          'Trend': '',
          'Type': 'wind',
          'Unit': 'm/s',
          'Updated': '2024-03-11 17:32:24',
          'Value': 'O 4.7',
          'WaterLevelOffset': None,
          'WaterLevelReference': None,
        }),
        'Vattenstånd': dict({
          'Calm': 0,
          'Heading': 0,
          'Msg': '',
          'Name': 'Vattenstånd',
          'Quality': 'Ok',
          'StationID': 12,
          'Trend': '',
          'Type': 'level',
          'Unit': 'cm',
          'Updated': '2024-03-11 17:30:00',
          'Value': '-30',
          'WaterLevelOffset': 4.7,
          'WaterLevelReference': 'MVY',
        }),
        'Vattentemp': dict({
          'Calm': 0,
          'Heading': 0,
          'Msg': '',
          'Name': 'Vattentemp',
          'Quality': 'Ok',
          'StationID': 12,
          'Trend': '',
          'Type': 'watertemp',
          'Unit': '°C',
          'Updated': '2024-03-11 17:30:00',
          'Value': '2.4',
          'WaterLevelOffset': None,
          'WaterLevelReference': None,
        }),
      }),
    }),
  })
# ---
